[backblue.gif]
[fade.gif]
[index.html]
[ugbekun2.metaspaceconsult.com/assets/images/favicon.png]
[ugbekun2.metaspaceconsult.com/assets/vendor/jquery/jquery.min.js]
[ugbekun2.metaspaceconsult.com/uploads/app_image/logo-small.png]
[ugbekun2.metaspaceconsult.com/assets/frontend/images/saas/17a219467c358709a32646cfb61e594b.png]
[ugbekun2.metaspaceconsult.com/assets/frontend/images/saas/3577eca9ad264b455e3cf9674aafeae7.png]
[ugbekun2.metaspaceconsult.com/assets/frontend/images/saas/slider_over.png]
[ugbekun2.metaspaceconsult.com/assets/frontend/images/saas/features-bg.png]
[ugbekun2.metaspaceconsult.com/assets/frontend/images/saas/17520014723d3876e7f45548c1a0f713.png]
[ugbekun2.metaspaceconsult.com/assets/frontend/js/bootstrap.min.js]
[ugbekun2.metaspaceconsult.com/assets/frontend/js/wow.min.js]
[ugbekun2.metaspaceconsult.com/assets/frontend/js/tiny-slider.js]
[ugbekun2.metaspaceconsult.com/assets/frontend/js/glightbox.min.js]
[ugbekun2.metaspaceconsult.com/assets/frontend/js/saas_main.js]
[ugbekun2.metaspaceconsult.com/assets/vendor/select2/js/select2.full.min.js]
[ugbekun2.metaspaceconsult.com/assets/vendor/sweetalert/sweetalert.min.js]
[ugbekun2.metaspaceconsult.com/index.html]
[ugbekun2.metaspaceconsult.com/assets/frontend/css/bootstrap.min.css]
[ugbekun2.metaspaceconsult.com/assets/frontend/fonts/LineIcons.eot]
[ugbekun2.metaspaceconsult.com/assets/frontend/fonts/LineIcons.woff2]
[ugbekun2.metaspaceconsult.com/assets/frontend/fonts/LineIcons.woff]
[ugbekun2.metaspaceconsult.com/assets/frontend/fonts/LineIcons.ttf]
[ugbekun2.metaspaceconsult.com/assets/frontend/css/LineIcons.2.0.css]
[ugbekun2.metaspaceconsult.com/assets/vendor/font-awesome/webfonts/fa-brands-400.woff2]
[ugbekun2.metaspaceconsult.com/assets/vendor/font-awesome/webfonts/fa-brands-400.ttf]
[ugbekun2.metaspaceconsult.com/assets/vendor/font-awesome/webfonts/fa-regular-400.woff2]
[ugbekun2.metaspaceconsult.com/assets/vendor/font-awesome/webfonts/fa-regular-400.ttf]
[ugbekun2.metaspaceconsult.com/assets/vendor/font-awesome/webfonts/fa-solid-900.woff2]
[ugbekun2.metaspaceconsult.com/assets/vendor/font-awesome/webfonts/fa-solid-900.ttf]
[ugbekun2.metaspaceconsult.com/assets/vendor/font-awesome/webfonts/fa-v4compatibility.woff2]
[ugbekun2.metaspaceconsult.com/assets/vendor/font-awesome/webfonts/fa-v4compatibility.ttf]
[ugbekun2.metaspaceconsult.com/assets/vendor/font-awesome/css/all.min.css]
[ugbekun2.metaspaceconsult.com/assets/frontend/css/animate.css]
[ugbekun2.metaspaceconsult.com/assets/frontend/css/tiny-slider.css]
[ugbekun2.metaspaceconsult.com/assets/frontend/css/glightbox.min.css]
[ugbekun2.metaspaceconsult.com/assets/vendor/select2/css/select2.min.css]
[ugbekun2.metaspaceconsult.com/assets/vendor/sweetalert/sweetalert-custom.css]
[ugbekun2.metaspaceconsult.com/assets/frontend/css/saas_main.css]
[ugbekun2.metaspaceconsult.com/assets/vendor/jquery/jquery.js]
[ugbekun2.metaspaceconsult.com/uploads/app_image/logo.png]
[ugbekun2.metaspaceconsult.com/assets/vendor/bootstrap/js/bootstrap.js]
[ugbekun2.metaspaceconsult.com/assets/vendor/jquery-placeholder/jquery-placeholder.js]
[ugbekun2.metaspaceconsult.com/assets/login_page/js/jquery.backstretch.min.js]
[ugbekun2.metaspaceconsult.com/assets/login_page/js/custom.js]
[ugbekun2.metaspaceconsult.com/authentication/index.html]
[ugbekun2.metaspaceconsult.com/assets/frontend/fonts/LineIcons.svg]
[ugbekun2.metaspaceconsult.com/assets/vendor/bootstrap/fonts/glyphicons-halflings-regular.eot]
[ugbekun2.metaspaceconsult.com/assets/vendor/bootstrap/fonts/glyphicons-halflings-regulard41d.eot]
[ugbekun2.metaspaceconsult.com/assets/vendor/bootstrap/fonts/glyphicons-halflings-regular.woff2]
[ugbekun2.metaspaceconsult.com/assets/vendor/bootstrap/fonts/glyphicons-halflings-regular.woff]
[ugbekun2.metaspaceconsult.com/assets/vendor/bootstrap/fonts/glyphicons-halflings-regular.ttf]
[ugbekun2.metaspaceconsult.com/assets/vendor/bootstrap/css/bootstrap.css]
[ugbekun2.metaspaceconsult.com/assets/login_page/image/sidebox.jpg]
[ugbekun2.metaspaceconsult.com/assets/login_page/css/style.css]
[ugbekun2.metaspaceconsult.com/authentication/forgot.html]
[ugbekun2.metaspaceconsult.com/assets/vendor/bootstrap/fonts/glyphicons-halflings-regular.svg]
